GAMS Rev 235  WEX-VS8 23.5.1 x86/MS Windows             10/08/18 09:46:17 Page 1
G e n e r a l   A l g e b r a i c   M o d e l i n g   S y s t e m
C o m p i l a t i o n


      This module includes all equations relating to the crop enterprise, includ
      ing crop areas, crop production, labour requirements for cropping activiti
      es, and accounting equations for
      different crop products (e.g. maize as silage vs. grain, residues)
       
   6   
   7   
   8  Parameters
   9  p_yldCrop(hh,c,m)                  'Crop yield (kg/ha/month)'
****             $120,120,120
  10  p_arable_land(hh,y)                'Arable land per household (ha)'
****                   $120
  11  p_total_land(hh,y)                 'Total land per household (ha)'
  12  p_labourdemcrop(c,m)               'Total labour requirements for crop act
      ivties (person-days/household/month)'
  13  p_crop_sell_price(hh,y,c)          'Selling price of crops (TSh/kg)'
  14  p_cropcosts(hh,c)                  'Costs of crop production (TSh/ha/year)
      '
  15  p_yield_feed_crop(feed_off_farm)   'Yield of feed crops produced off farm 
****                                $120
      (kg/ha)'
  16  ;
  17  p_yield_feed_crop(feed_off_farm)=crop_yield_off_farm(feed_off_farm,'yield'
****                                                     $140                  $
      );
      116
  18   
  19  Variables
  20  v_prdCrop(hh,y,c,m)                     'Crop production (Mg/m)'
  21  v_crop_sales_cash(hh,y,cash)            'Cash crops (Mg)'
****                            $120
  22  v_crop_food(hh,y,food)                  'Food crops produced (Mg)'
****                      $120
  23  v_crp_feed(hh,y,feed,m)                 'Fodder crops produced (Mg)'
****                     $120
  24  v_crp_cons(hh,y,food,m)                 'kg of food crop consumed per mont
      h by the household (kg/hh/year)'
  25  v_totallabourdemcrop(hh,y,m)            'Monthly labour demand for croppin
      g activities (person-days per month)'
  26  v_residuesfieldm(hh,residues,y,m)       'Residues left on field (kg)'
****                             $120
  27  v_residues(hh,y,residues,m)             'Residues produced (kg/year)'
  28  v_residuesfeedm(hh,residues,year,m)     'residues of feed coming from on f
****                                 $120
      arm production'
  29  v_feed_crop_land(hh,y)                  'Total land for feed crops (ha/hh/
      year)'
  30  v_feed_crop_land_off_farm(hh,y)         'Total land for feed crops produce
      d off farm (ha/year)'
  31  v_feed_crop_land_on_farm(hh,y)          'Total land for feeds crops produc
      ed on farm (ha/year)'
  32  ;
  33   
  34  Nonnegative Variables
  35  v_areaCrop(hh,y,c)            'Area dedicated to crop c (ha/hh/year)'
  36  ;
  37   
  38  ** Variable bounds
  39  v_areaCrop.lo(hh,y,c)=0;
  40   
  41  Equations
  42  e_arable_land                     'Arable land constraint (for crops, excl
      uding pasture)'
  43  e_total_land_holdings             'Total land constraint (for all crops pl
      us pasture)'
  44  e_crp_prd                         'Define crop production (Mg/ha/yr) based
       on area and yield'
  45  e_crp_fate_food_byprd             'Define the quantity of residues produce
      d (Mg)'
  46  e_food_silage                     'Define amount of maize being used as ma
      ize silage'
  47  e_residues_prod                   'Accounting equation for the fate of res
      idues'
  48  e_residues_field                  'Define quantity of residues left on fie
      ld (Mg)'
  49  e_labourdemand                    'Define the labour required for cropping
       activities (person-days per household per month)'
  50  ;
  51   
  52   
  53  e_arable_land(hh,y)..                            Sum(crop_not_pasture(c),v
****                                                                      $120,3
      _areaCrop(hh,y,c)) =e=   p_arable_land(hh,y)    ;
      40
  54   
  55  e_total_land_holdings(hh,y)..                    Sum(c,v_areaCrop(hh,y,c))
              =l= p_total_land(hh,y) ;
  56   
  57  e_crp_prd(hh,y,c,m)..                            v_areaCrop(hh,y,c)*p_yldC
      rop(hh,c,m)/1000     =e=  v_prdCrop(hh,y,c,m)  ;
  58   
  59  e_crp_fate_food_byprd(hh,y,residues,m)..         v_residues(hh,y,residues,
      m) =e= Sum(crop_residue(food,residues), (v_prdCrop(hh,y,food,m)/p_harvesti
****                        $120,340                              $171          
      ndex(food)) - v_prdCrop(hh,y,food,m) )/12;
         $140                          $171
  60   
  61  e_food_silage(hh,y,m)..                          v_prdCrop(hh,y,'maize',m)
****                                                                        $353
       =e=   v_crp_cons(hh,y,'maize',m) + Sum(crop_silage('maize','maize_silage'
                                   $353                 $120,340
      ),v_crp_feed(hh,y,'maize_silage',m));
  62   
  63  e_residues_prod(hh,y,residues,m)..               v_residues(hh,y,residues,
      m) =e=   v_residuesfeedm(hh,residues,y,m) + v_residuesfieldm(hh,residues,y
      ,m);
  64   
  65  e_residues_field(hh,y,residues,m)..              v_residuesfieldm(hh,resid
      ues,y,m) =e=   Sum(crop_residue(food,residues), v_residues(hh,y,residues,m
      )*p_res_FRAC_soil(hh,food));
****                  $140
  66   
  67  e_labourdemand(hh,y,m)..                         Sum((c),v_areaCrop(hh,y,c
      )*p_labourdemcrop(c,m))    =e= v_totallabourdemcrop(hh,y,m);
  68   
  69   
  70   
  71   
  72  Model cropMod
  73  /
  74  e_arable_land
  75  e_total_land_holdings
  76  e_crp_prd
  77  e_crp_fate_food_byprd
  78  e_food_silage
  79  e_residues_prod
  80  e_residues_field
  81  e_labourdemand
  82  /
  83   
GAMS Rev 235  WEX-VS8 23.5.1 x86/MS Windows             10/08/18 09:46:17 Page 2
G e n e r a l   A l g e b r a i c   M o d e l i n g   S y s t e m
Error Messages


116  Label is unknown
120  Unknown identifier entered as set
140  Unknown symbol
171  Domain violation for set
340  A label/element with the same name exist. You may have forgotten
        to quote a label/element reference. For example,
        set i / a,b,c /; parameter x(i); x('a') = 10;
353  The domain for this index position is unknown and the element
        cannot be checked at this point. Missing data statement.

**** 24 ERROR(S)   0 WARNING(S)


COMPILATION TIME     =        0.203 SECONDS      3 Mb  WIN235-235 Jul  2, 2010


USER: Gary Goldstein                                 G010614:2121CA-WIN
      Decision Ware, Inc.                                        DC2807


**** FILE SUMMARY

Input      C:\Users\James\Documents\GitHub\household_ghg_model\household_ghg_mod
           el\dairyclimatemodel2\crop_module.gms
Output     C:\Users\James\Documents\GitHub\household_ghg_model\household_ghg_mod
           el\dairyclimatemodel2\crop_module.lst

**** USER ERROR(S) ENCOUNTERED
